// Jest Snapshot v1, https://goo.gl/fbAQLP

exports[`Render with default props renders snapshot 1`] = `
<div>
  Something rendered
</div>
`;

exports[`Render with if prop with ifCondition set to false renders snapshot 1`] = `null`;

exports[`Render with if prop with ifCondition set to true renders snapshot 1`] = `
<div>
  Something rendered
</div>
`;

exports[`Render with unless prop with unlessCondition set to false renders snapshot 1`] = `
<div>
  Something rendered
</div>
`;

exports[`Render with unless prop with unlessCondition set to true renders snapshot 1`] = `null`;
